FND_XDF_UTIL_PKG                                                                
FND_XDF_APP_UTIL                                                                
FND_XDFDICTIONARY_PKG                                                           
FND_XDFAWINTERFACE_PKG                                                          
FND_WF_SYNCH                                                                    
FND_WF_NOTIFICATION                                                             
FND_WF_EVENT                                                                    
FND_WF_ENGINE                                                                   
FND_WEB_CONFIG                                                                  
FND_WEBFILE                                                                     
FND_WEB                                                                         
FND_VAULT                                                                       
FND_USER_VALIDATION                                                             
FND_USER_PVT                                                                    
FND_USER_PKG_WRP                                                                
FND_USER_AP_PKG                                                                 
FND_UPDATE_USER_PREF_PUB_W                                                      
FND_UPDATE_USER_PREF_PUB                                                        
FND_UMS_LOADER                                                                  
FND_UMS_ANALYSIS_ENGINE                                                         
FND_TXK_TECH_INT_PKG                                                            
FND_TS_SIZE                                                                     
FND_TS_MIG_UTIL                                                                 
FND_TRANSACTION_QUEUE                                                           
FND_TRANSACTION_PIPE                                                            
FND_TRANSACTION                                                                 
FND_TRACE_UTILS                                                                 
FND_TM_TESTER                                                                   
FND_TIMEZONE_PUB                                                                
FND_TIMEZONES_PVT                                                               
FND_TIMEZONES_PKG                                                               
FND_TIMEZONES                                                                   
FND_TERRITORIES_PKG                                                             
FND_TABLESPACES_PUB                                                             
FND_TABLESPACES_PKG                                                             
FND_SYSTEM_EXCEPTION                                                            
FND_SYSTEM_ALERT_INTG_UTIL                                                      
FND_SVC_COMP_TYPES_PKG                                                          
FND_SVC_COMP_REQUESTS_PKG                                                       
FND_SVC_COMP_REQUESTS_H_PKG                                                     
FND_SVC_COMP_PARAM_VALS_PKG                                                     
FND_SVC_COMP_PARAMS_PKG                                                         
FND_SVC_COMPONENTS_PKG                                                          
FND_STAGE_FN_PARAMETERS_PKG                                                     
FND_SSO                                                                         
FND_SOS_SERVICE                                                                 
FND_SET_COPY                                                                    
FND_SESSION_UTILITIES                                                           
FND_SEQ_CATEGORIES_PKG                                                          
FND_SEQNUM                                                                      
FND_SEED_STAGE_UTIL                                                             
FND_SEC_BULK                                                                    
FND_SECURITY_GROUPS_PKG                                                         
FND_SECURITY_GROUPS_API                                                         
FND_SEARCH_EVENT                                                                
FND_RX_PKG                                                                      
FND_RT_REQUEST                                                                  
FND_RESUB_PRIVATE                                                               
FND_RESUB                                                                       
FND_RESP_FUNCTIONS_PKG                                                          
FND_RESPONSIBILITY_PKG                                                          
FND_REQUEST_SET_STAGES_PKG                                                      
FND_REQUEST_INFO                                                                
FND_REQUEST_COPY                                                                
FND_RELEASE                                                                     
FND_REGISTRATION_UTILS_PKG                                                      
FND_REGISTRATION_PKG                                                            
FND_RANDOM_PKG                                                                  
FND_RANDOM_NUMBER                                                               
FND_PURPOSE_ATTRIBUTES_PKG                                                      
FND_PURGE                                                                       
FND_PROXY_UTIL                                                                  
FND_PROFILE_SERVER                                                              
FND_PROFILE_OPTION_VALUES_PKG                                                   
FND_PROFILE_OPTIONS_PKG                                                         
FND_PROFILE_HIERARCHY_PKG                                                       
FND_PROFILE_CAT_OPTIONS_PKG                                                     
FND_PROFILE_CATS_PKG                                                            
FND_PRODUCT_INITIALIZATION_PKG                                                  
FND_PRIV_ATTR_CHILDREN_PKG                                                      
FND_PRIVACY_ATTRIBUTES_PKG                                                      
FND_PRINTER_STYLES_PKG                                                          
FND_PRINTER_PKG                                                                 
FND_PRINT                                                                       
FND_PREFERENCE                                                                  
FND_PORTLET_DEPENDENCY_PKG                                                      
FND_PLSQL_CACHE                                                                 
FND_PII_UTILITY_PVT                                                             
FND_PERFMON                                                                     
FND_ORACLE_USER_PKG                                                             
FND_ODF_UPD                                                                     
FND_ODF_GEN                                                                     
FND_OBJECT_TABLESPACES_PUB                                                      
FND_OBJECT_TABLESPACES_PKG                                                      
FND_OBJECT_INSTANCE_SETS_PKG                                                    
FND_OBJECT_DEFINITIONS_PKG                                                      
FND_OBJECTS_PKG                                                                 
FND_OBIEE_I18N                                                                  
FND_OAM_WS_UTIL                                                                 
FND_OAM_USER_INFO                                                               
FND_OAM_UMS_LOADER                                                              
FND_OAM_TESTER                                                                  
FND_OAM_MET_GRPS_PKG                                                            
FND_OAM_METVAL_PKG                                                              
FND_OAM_METALINK_DOC_ASSOC_PKG                                                  
FND_OAM_METALINK_DOCS_PKG                                                       
FND_OAM_METALINK_CREDS                                                          
FND_OAM_KBF_SUBS                                                                
FND_OAM_KBF                                                                     
FND_OAM_EXPLAIN_PLAN                                                            
FND_OAM_DS_PSETS_PKG                                                            
FND_OAM_DS_POLICIES_PKG                                                         
FND_OAM_DS_ALGOS_PKG                                                            
FND_OAM_DSCRAM_UTILS_PKG                                                        
FND_OAM_DSCRAM_UNITS_PKG                                                        
FND_OAM_DSCRAM_TASKS_PKG                                                        
FND_OAM_DSCRAM_STATS_PKG                                                        
FND_OAM_DSCRAM_RUNS_PKG                                                         
FND_OAM_DSCRAM_PLSQLS_PKG                                                       
FND_OAM_DSCRAM_DMLS_PKG                                                         
FND_OAM_DSCRAM_DIAG_PKG                                                         
FND_OAM_DSCRAM_BUNDLES_PKG                                                      
FND_OAM_DSCRAM_ARGS_PKG                                                         
FND_OAM_DSCRAM                                                                  
FND_OAM_DSCFG_UTILS_PKG                                                         
FND_OAM_DSCFG_PROPERTIES_PKG                                                    
FND_OAM_DSCFG_PROC_LIBRARY_PKG                                                  
FND_OAM_DSCFG_PROCS_PKG                                                         
FND_OAM_DSCFG_OBJECTS_PKG                                                       
FND_OAM_DSCFG_MAPPED_KEYS_PKG                                                   
FND_OAM_DSCFG_INSTANCES_PKG                                                     
FND_OAM_DSCFG_API_PKG                                                           
FND_OAM_DOC_CATEGORY_TYPE_PKG                                                   
FND_OAM_DOC_CATEGORY_PKG                                                        
FND_OAM_DOC_CATEGORY_ASSOC_PKG                                                  
FND_OAM_DEBUG                                                                   
FND_OAM_DASHBOARD_UTIL                                                          
FND_OAM_CPCHARTS_COL                                                            
FND_OAM_CHART_ITEMS_PKG                                                         
FND_OAM_CHART_GRPS_PKG                                                          
FND_OAM_CHARTS_PKG                                                              
FND_OAM_BF_WIT_PKG                                                              
FND_OAM_BF_WIT_CUST_PKG                                                         
FND_OAM_BF_UTIL                                                                 
FND_OAM_BF_PKG                                                                  
FND_OAM_BF_CUST_PKG                                                             
FND_OAM_BF_COMP_PKG                                                             
FND_OAM_BF_COMP_CUST_PKG                                                        
FND_OAM_BF_ASSOC_PKG                                                            
FND_OAM_BF_ASSOC_CUST_PKG                                                       
FND_NUMBER                                                                      
FND_NEW_MESSAGES_PKG                                                            
FND_NET_SERVICES                                                                
FND_NATURAL_LANGUAGES_PKG                                                       
FND_MSG_PUB                                                                     
FND_MO_REPORTING_API                                                            
FND_MO_PRODUCT_INIT_PKG                                                         
FND_MLS_SUBMIT                                                                  
FND_MLS_REQUEST                                                                 
FND_MIME_TYPES_PKG                                                              
FND_MESSAGE_CACHE                                                               
FND_MENU_ENTRIES_PKG                                                            
FND_MENUS_PKG                                                                   
FND_MANAGER                                                                     
FND_LOOKUP_VALUES_PKG                                                           
FND_LOOKUP_TYPES_PKG                                                            
FND_LOOKUP_ASSIGNMENTS_PKG                                                      
FND_LOG_UTIL                                                                    
FND_LOG_SUMMARY                                                                 
FND_LOG_REPOSITORY                                                              
FND_LOG_ATTACHMENT_FRM                                                          
FND_LOG_ATTACHMENT                                                              
FND_LOG_ADMIN                                                                   
FND_LOGVIEW                                                                     
FND_LOG                                                                         
FND_LOAD_UTIL                                                                   
FND_LOADER_OPEN_INTERFACE_PKG                                                   
FND_LDAP_ERRM                                                                   
FND_LANGUAGES_PKG                                                               
FND_JOBS_PKG                                                                    
FND_ISO_LANGUAGES_PKG                                                           
FND_ISG_UTIL                                                                    
FND_IREP_DEFERRED_LOADER                                                        
FND_IREP_CP_PKG                                                                 
FND_INSTALLATION2                                                               
FND_INSTALLATION                                                                
FND_INDUSTRY_ACTIVATOR                                                          
FND_INDUSTRIES_PKG                                                              
FND_IMUTL                                                                       
FND_IMP_PKG                                                                     
FND_IMP_DEPENDENCY_PKG                                                          
FND_IMP_CONV_PKG                                                                
FND_ICX_SEC                                                                     
FND_HTTP_TICKET                                                                 
FND_HTTP                                                                        
FND_HELP_BUILDER                                                                
FND_HELP                                                                        
FND_HASH_PKG                                                                    
FND_GSM_UTIL                                                                    
FND_GRANTS_PKG                                                                  
FND_GFM                                                                         
FND_GEN_MIG_CMDS                                                                
FND_GENERIC_POLICY                                                              
FND_FUNCTION_W                                                                  
FND_FUNCTION_SECURITY_CACHE                                                     
FND_FUNCTION_SECURITY                                                           
FND_FORM_PKG                                                                    
FND_FORM_FUNCTIONS_PKG                                                          
FND_FORMS_SERVICE_GEN                                                           
FND_FLEX_WORKFLOW_APIS                                                          
FND_FLEX_WF_PROCESSES                                                           
FND_FLEX_UPGRADE_UTILITIES                                                      
FND_FLEX_UPD_FMT                                                                
FND_FLEX_TRIGGER                                                                
FND_FLEX_SERVER_API                                                             
FND_FLEX_PLSQL_CACHE                                                            
FND_FLEX_PLSQL                                                                  
FND_FLEX_ORACLE_REPORTS_APIS                                                    
FND_FLEX_KEYVAL                                                                 
FND_FLEX_HIERARCHY_COMPILER                                                     
FND_FLEX_DIAGNOSE                                                               
FND_FLEX_DATE                                                                   
FND_FLEX_APIS_GBL                                                               
FND_FLEX_APIS                                                                   
FND_FLEXBUILDER_PARAMS_PKG                                                      
FND_FILE_UPLOAD                                                                 
FND_EXEC_MIG_CMDS                                                               
FND_EXECUTABLES_PKG                                                             
FND_EVENT                                                                       
FND_DOC_CATEGORIES_PKG                                                          
FND_DOCUMENT_MANAGEMENT                                                         
FND_DOCUMENT_ENTITIES_PKG                                                       
FND_DOCUMENT_DATATYPES_PKG                                                      
FND_DOCUMENTS_PKG                                                               
FND_DM_REPOSITORY_PKG                                                           
FND_DM_PRODUCTS_PKG                                                             
FND_DICTIONARY_PKG                                                              
FND_DIAG_CM                                                                     
FND_DEBUG_UTIL                                                                  
FND_DEBUG_REP_UTIL                                                              
FND_DEBUG_OPTION_VALUES_PKG                                                     
FND_DEBUG_OPTIONS_PKG                                                           
FND_DEBUG                                                                       
FND_DATE_TZ                                                                     
FND_DATE                                                                        
FND_DATADICT_SEQ_PKG                                                            
FND_DATADICT_PKG                                                                
FND_CURRENCY_CACHE                                                              
FND_CURRENCY                                                                    
FND_CURRENCIES_PKG                                                              
FND_CTL                                                                         
FND_CSS_PKG                                                                     
FND_CRYPT_PKG                                                                   
FND_CRYPTO_CONSTANTS                                                            
FND_CRYPTO                                                                      
FND_CP_TMSRV_QUEUE                                                              
FND_CP_TMSRV_PIPE                                                               
FND_CP_SERVICES_PKG                                                             
FND_CP_RT_PKG                                                                   
FND_CP_OPS_MAINT                                                                
FND_CP_OPP_REQ                                                                  
FND_CP_OPP_IPC                                                                  
FND_CP_OPP_CMD                                                                  
FND_CORE_LOG                                                                    
FND_CONTEXT_UTIL                                                                
FND_CONTEXT                                                                     
FND_CONST                                                                       
FND_CONC_WEB_UTIL                                                               
FND_CONC_SUMMARIZER                                                             
FND_CONC_STAT_ROLLUP                                                            
FND_CONC_STATE_LOOKUP_TYPES_PG                                                  
FND_CONC_STATE_LOOKUPS_PKG                                                      
FND_CONC_STAT                                                                   
FND_CONC_RELEASE_STATES_PKG                                                     
FND_CONC_RELEASE_PERIODS_PKG                                                    
FND_CONC_RELEASE_DISJS_PKG                                                      
FND_CONC_RELEASE_CLASS_UTILS                                                    
FND_CONC_RELEASE_CLASSES_PKG                                                    
FND_CONC_RAC_UTILS                                                              
FND_CONC_QUEUES_PKG                                                             
FND_CONC_PRIVATE_UTILS                                                          
FND_CONC_GLOBAL                                                                 
FND_CONC_DATE                                                                   
FND_CONC_DATABASE                                                               
FND_CONC_CONNECT                                                                
FND_CONCURRENT_QUEUES_PKG                                                       
FND_CONCURRENT_PROG_ANNO_PKG                                                    
FND_CONCURRENT_FILE                                                             
FND_CONCURRENT_BUSINESS_EVENT                                                   
FND_CONCURRENT_ARGUMENTS_PKG                                                    
FND_COL_PRIV_ATTRIBUTES_PKG                                                     
FND_CODE_PKG                                                                    
FND_CLIENT_INFO                                                                 
FND_CACHE_VERSIONS_PKG                                                          
FND_BUSINESS_PURPOSES_PKG                                                       
FND_BES_PROC                                                                    
FND_BC4J_CLEANUP_PKG                                                            
FND_AUDIT_UPDATE_PKG                                                            
FND_AUDIT_SEQ_PKG                                                               
FND_AUDIT_REPORT                                                                
FND_AUDIT_PKG                                                                   
FND_ATTACHMENT_UTIL_PKG                                                         
FND_ATTACHED_DOCUMENTS_PKG                                                      
FND_ATTACHED_DOCUMENTS3_PKG                                                     
FND_ATTACHED_DOCUMENTS2_PKG                                                     
FND_APP_SYSTEM                                                                  
FND_APP_SERVER_PKG                                                              
FND_APPTREE                                                                     
FND_APPS_MODE_UTIL                                                              
FND_APPLICATION_PKG                                                             
FND_APPLET_LAUNCHER                                                             
FND_APPFLDR                                                                     
FND_API                                                                         
FND_APD                                                                         
FND_AMP_PRIVATE                                                                 
FND_ADPATCH                                                                     
FND_ADG_UTILITY                                                                 
FND_ADG_SUPPORT                                                                 
FND_ADG_OBJECT                                                                  
FND_ADG_MANAGE                                                                  
FND_ADG_EXCEPTION                                                               
FND_ADG_COMPILE_DIRECTIVE                                                       
FND_ACCESS_CONTROL_UTIL                                                         
FNDCP_TMSRV                                                                     
FNDCP_SCH                                                                       
FND_WF_STANDARD                                                                 
FND_WEBATTCH                                                                    
FND_USER_RESP_GROUPS_API                                                        
FND_USER_PKG                                                                    
FND_STATS                                                                       
FND_SOA_UTIL                                                                    
FND_SIF_WSDLS_PKG                                                               
FND_SIF_UTILS                                                                   
FND_SIF_SETTINGS_PKG                                                            
FND_SIF_POLICY_PROPS_PKG                                                        
FND_SIF_POLICIES_PKG                                                            
FND_SIF_DEFINITIONS_PKG                                                         
FND_SIF_ATTACHMENTS_PKG                                                         
FND_SESSION_MANAGEMENT                                                          
FND_RUN_FUNCTION                                                                
FND_JAF_LOG_EVENT_PKG                                                           
FND_FUNCTION                                                                    
FND_FORM_CUSTOM_RULES_PKG                                                       
FND_FILE_PRIVATE                                                                
FND_EID_RECORD_TYPES_PKG                                                        
FND_EID_PRECEDENCE_RULES_PKG                                                    
FND_EID_PDR_ATTR_PROFILES_PKG                                                   
FND_EID_INSTANCE_PKG                                                            
FND_EID_FLEX_PKG                                                                
FND_EID_ATTR_GROUPS_PKG                                                         
FND_EID_ATTH_PKG                                                                
FND_DSQL                                                                        
FND_DELIVERY                                                                    
FND_CP_GSM_IPC                                                                  
FND_CP_FNDSM                                                                    
FND_CONC_TEMPLATES                                                              
FND_CONC_SSWA                                                                   
FND_CONC_PP                                                                     
FND_CONC                                                                        
FNDCP_CRM                                                                       
FND_VSET                                                                        
FND_SVC_COMPONENT                                                               
FND_SSO_MANAGER                                                                 
FND_ORACLE_SCHEMA                                                               
FND_OID_UTIL                                                                    
FND_OID_USERS                                                                   
FND_OID_SUBSCRIPTIONS                                                           
FND_OID_DIAG                                                                    
FND_OID_BULKLOAD                                                                
FND_OAM_EM                                                                      
FND_OAM_DSCFG_COMPILER_PKG                                                      
FND_OAM                                                                         
FND_LDAP_WRAPPER                                                                
FND_LDAP_MAPPER                                                                 
FND_GLOBAL                                                                      
FND_FILE                                                                        
FND_DIAG_REQUEST_ANALYZER                                                       
FND_DCP                                                                         
FND_DATA_SECURITY                                                               
FND_CONCURRENT                                                                  
FND_WEB_SEC                                                                     
FND_WEBFILEPUB                                                                  
FND_VAL_ATTRIBUTE_TYPES_PKG                                                     
FND_TRACE                                                                       
FND_SUBMIT                                                                      
FND_SSO_REGISTRATION                                                            
FND_SIGNON                                                                      
FND_SET                                                                         
FND_SECURITY_PKG                                                                
FND_REQUEST_SETS_PKG                                                            
FND_REQUEST_SET                                                                 
FND_REQUEST                                                                     
FND_PUB_MESSAGE                                                                 
FND_PROGRAM                                                                     
FND_PROFILE                                                                     
FND_OID_PLUG                                                                    
FND_OAM_COLLECTION                                                              
FND_MESSAGE                                                                     
FND_LDAP_UTIL                                                                   
FND_LDAP_USER                                                                   
FND_IREP_RECORDS_PKG                                                            
FND_IREP_LOADER_PRIVATE                                                         
FND_ID_FLEX_STRUCTURES_PKG                                                      
FND_ID_FLEX_SEGMENTS_PKG                                                        
FND_FLEX_XML_PUBLISHER_APIS                                                     
FND_FLEX_WORKFLOW                                                               
FND_FLEX_VDATION_RULES_PKG                                                      
FND_FLEX_VAL_UTIL                                                               
FND_FLEX_VAL_API                                                                
FND_FLEX_VALUE_RULES_PKG                                                        
FND_FLEX_VALUES_PKG                                                             
FND_FLEX_TYPES                                                                  
FND_FLEX_SERVER4                                                                
FND_FLEX_SERVER2                                                                
FND_FLEX_SERVER1                                                                
FND_FLEX_SERVER                                                                 
FND_FLEX_LOADER_APIS                                                            
FND_FLEX_KEY_API                                                                
FND_FLEX_HIERARCHIES_PKG                                                        
FND_FLEX_EXT                                                                    
FND_FLEX_DSC_API                                                                
FND_FLEX_DESCVAL                                                                
FND_FILE_MIME_TYPES_PKG                                                         
FND_EID_SANDBOX_PKG                                                             
FND_EID_PDR_ATTRS_PKG                                                           
FND_EID_METADATA_MAPPING                                                        
FND_EID_GROUPS_PKG                                                              
FND_EID_GRAPH_PKG                                                               
FND_EID_DFF_REG_PKG                                                             
FND_EID_DDR_MGD_ATT_VALS_PKG                                                    
FND_DISCO_SIGNON                                                                
FND_DISCONNECTED                                                                
FND_DIAGNOSTICS                                                                 
FND_DFLEX                                                                       
FND_DESCR_FLEX_CONTEXTS_PKG                                                     
FND_DESCR_FLEX_COL_USAGE_PKG                                                    
FND_DESCRIPTIVE_FLEXS_PKG                                                       
FND_CONC_REQ_DETAIL                                                             
FND_CONC_REQUEST_PKG                                                            
FND_CONC_MAINTAIN                                                               
FND_CONC_CLONE                                                                  
FND_CONCURRENT_PROGRAMS_PKG                                                     
FND_AOLJ_UTIL                                                                   
