FND_WAIT_SAMPLES                                                                
FND_VIEW_COLUMNS                                                                
FND_VIEWS                                                                       
FND_VAL_ATTRIBUTE_TYPES_TL                                                      
FND_VALUE_ATTRIBUTE_TYPES                                                       
FND_USER_RESP_GROUPS_OLD                                                        
FND_USER_PREFERENCES                                                            
FND_USER_DESKTOP_OBJECTS                                                        
FND_USER                                                                        
FND_UNSUCCESSFUL_LOGINS                                                         
FND_UMS_FILE_VERSIONS                                                           
FND_UMS_FILES                                                                   
FND_UMS_BUGFIX_RELATIONSHIPS                                                    
FND_UMS_BUGFIX_FILE_VERSIONS                                                    
FND_UMS_BUGFIXES                                                                
FND_TS_SIZING                                                                   
FND_TS_PROD_INSTS                                                               
FND_TS_MIG_STATUS                                                               
FND_TS_MIG_RULES                                                                
FND_TS_MIG_CMDS_ZPB                                                             
FND_TS_MIG_CMDS_SUM1                                                            
FND_TS_MIG_CMDS                                                                 
FND_TREE_FOLDERS                                                                
FND_TRANSLATION_EXCEPTIONS                                                      
FND_TRACE_SESSTATS                                                              
FND_TRACE_PREFERENCE_DTLS                                                       
FND_TRACE_PREFERENCES                                                           
FND_TRACE_PQ_TQSTATS                                                            
FND_TRACE_LOG                                                                   
FND_TNS_LISTENER_PORTS                                                          
FND_TNS_LISTENERS                                                               
FND_TNS_ALIAS_SET_USAGE                                                         
FND_TNS_ALIAS_SETS                                                              
FND_TNS_ALIAS_DESCRIPTIONS                                                      
FND_TNS_ALIAS_ADDRESS_LISTS                                                     
FND_TNS_ALIAS_ADDRESSES                                                         
FND_TNS_ALIASES                                                                 
FND_TM_EVENTS                                                                   
FND_TIMEZONES_TL                                                                
FND_TIMEZONES_B                                                                 
FND_TERRITORIES_TL                                                              
FND_TERRITORIES                                                                 
FND_TEMP_FILE_PARAMETERS                                                        
FND_TEMP_FILES_OLD                                                              
FND_TEMP_FILES                                                                  
FND_TABLESPACES                                                                 
FND_TABLES                                                                      
FND_SYSTEM_SERVER_MAP                                                           
FND_SVC_COMP_TYPES_TL                                                           
FND_SVC_COMP_TYPES_B                                                            
FND_SVC_COMP_REQUESTS_H                                                         
FND_SVC_COMP_REQUESTS                                                           
FND_SVC_COMP_PARAM_VALS                                                         
FND_SVC_COMP_PARAMS_TL                                                          
FND_SVC_COMP_PARAMS_B                                                           
FND_SVC_COMPONENTS                                                              
FND_STATTAB                                                                     
FND_STATS_HIST                                                                  
FND_STAGE_LINK_VERTICES                                                         
FND_STAGE_FN_PARAMETER_VALUES                                                   
FND_STAGE_FN_PARAMETERS_TL                                                      
FND_SQL_SAMPLES                                                                 
FND_SOA_SERVICE_POLICIES                                                        
FND_SOA_SERVICE_OPERATIONS                                                      
FND_SOA_SERVICE_DT_ERRORS                                                       
FND_SOA_SERVICES                                                                
FND_SOA_RUNTIME_ERROR                                                           
FND_SOA_RESPONSE_METHOD                                                         
FND_SOA_RESPONSE                                                                
FND_SOA_REQUEST                                                                 
FND_SOA_LOG_SERVICE_DETAILS                                                     
FND_SOA_LOG_CATEGORY                                                            
FND_SOA_JMS_OUT                                                                 
FND_SOA_JMS_IN                                                                  
FND_SOA_BODY_PIECE                                                              
FND_SOA_ATTACHMENT                                                              
FND_SIF_WSDLS                                                                   
FND_SIF_SETTINGS                                                                
FND_SIF_POLICY_PROPS                                                            
FND_SIF_POLICIES                                                                
FND_SIF_DEFINITIONS_TL                                                          
FND_SIF_DEFINITIONS                                                             
FND_SIF_ATTACHMENTS                                                             
FND_SIDS                                                                        
FND_SHORTHAND_FLEX_ALIASES                                                      
FND_SESSION_VALUES                                                              
FND_SESSIONS                                                                    
FND_SERVERS_TL                                                                  
FND_SERVERS                                                                     
FND_SEQUENCES                                                                   
FND_SELAUDIT_TABLES                                                             
FND_SELAUDIT_LOG                                                                
FND_SELAUDIT_GROUPS                                                             
FND_SEG_RPT_ATTRIBUTES                                                          
FND_SEGMENT_ATTRIBUTE_VALUES                                                    
FND_SEGMENT_ATTRIBUTE_TYPES                                                     
FND_SEED_STAGE_ENTITY_DEBUG                                                     
FND_SEED_STAGE_ENTITY                                                           
FND_SEED_STAGE_CONFIG_DEBUG                                                     
FND_SEED_STAGE_CONFIG                                                           
FND_SECURITY_GROUPS_TL                                                          
FND_SECURITY_GROUPS                                                             
FND_SEARCH_RUNTIME_INFO                                                         
FND_SEARCHABLE_CHANGE_LOG                                                       
FND_RUN_REQ_PP_ACTIONS                                                          
FND_RUN_REQ_LANGUAGES                                                           
FND_RUN_REQUESTS_R10                                                            
FND_RUN_REQUESTS                                                                
FND_RT_REQUESTS                                                                 
FND_RESP_FUNCTIONS                                                              
FND_RESPONSIBILITY_TL                                                           
FND_RESPONSIBILITY                                                              
FND_REQUEST_TEMP                                                                
FND_REQUEST_SET_STAGES_TL                                                       
FND_REQUEST_SET_STAGES                                                          
FND_REQUEST_SET_PROGRAM_ARGS                                                    
FND_REQUEST_SET_PROGRAMS_R10                                                    
FND_REQUEST_SET_PROGRAMS                                                        
FND_REQUEST_SETS_TL_R10                                                         
FND_REQUEST_SETS_TL                                                             
FND_REQUEST_SETS_R10                                                            
FND_REQUEST_SETS                                                                
FND_REQUEST_GROUP_UNITS                                                         
FND_REQUEST_GROUPS                                                              
FND_REGISTRATION_DETAILS                                                        
FND_REGISTRATIONS                                                               
FND_RAW_DELETEME_TEST                                                           
FND_RAND_STATES                                                                 
FND_PURPOSE_ATTRIBUTES                                                          
FND_PS_TXN                                                                      
FND_PROFILE_OPTION_VALUES                                                       
FND_PROFILE_OPTIONS_TL                                                          
FND_PROFILE_OPTIONS                                                             
FND_PROFILE_CAT_OPTIONS_TL                                                      
FND_PROFILE_CAT_OPTIONS                                                         
FND_PROFILE_CATS_TL                                                             
FND_PROFILE_CATS                                                                
FND_PRODUCT_INSTALLATIONS                                                       
FND_PRODUCT_INIT_DEPENDENCY                                                     
FND_PRODUCT_INIT_CONDITION                                                      
FND_PRODUCT_INITIALIZATION                                                      
FND_PRODUCT_GROUPS                                                              
FND_PRODUCT_DEPENDENCIES                                                        
FND_PRIVACY_ATTRIBUTE_CHILDREN                                                  
FND_PRIVACY_ATTRIBUTES_TL                                                       
FND_PRIVACY_ATTRIBUTES_B                                                        
FND_PRINTER_TYPES                                                               
FND_PRINTER_TL                                                                  
FND_PRINTER_SUBROUTINES                                                         
FND_PRINTER_STYLES_TL                                                           
FND_PRINTER_STYLES                                                              
FND_PRINTER_INFORMATION                                                         
FND_PRINTER_DRIVERS                                                             
FND_PRINTER                                                                     
FND_PRIMARY_KEY_COLUMNS                                                         
FND_PRIMARY_KEYS                                                                
FND_PORTLET_DEPENDENCY                                                          
FND_PERF_VARIABLES                                                              
FND_PERF_EVENT_LOOKUP                                                           
FND_PERFORMANCE_TESTS                                                           
FND_PERFORMANCE_RESULTS                                                         
FND_PERFORMANCE_DATA                                                            
FND_PCOLL_CONTROL                                                               
FND_PARAMETERS                                                                  
FND_ORACLE_USERID                                                               
FND_ORACLE_HOMES                                                                
FND_OPS_INSTANCES                                                               
FND_OBJECT_TYPE_MEMBERS                                                         
FND_OBJECT_TABLESPACES                                                          
FND_OBJECT_KEY_SETS                                                             
FND_OBJECT_INSTANCE_SETS_TL                                                     
FND_OBJECT_INSTANCE_SETS                                                        
FND_OBJECT_DEFINITIONS                                                          
FND_OBJECTS_TL                                                                  
FND_OBJECTS                                                                     
FND_OAM_UPLOAD_STATUS                                                           
FND_OAM_SVCI_INFO                                                               
FND_OAM_RESTR_MODES                                                             
FND_OAM_MET_GRPS_TL                                                             
FND_OAM_METVAL_NODE                                                             
FND_OAM_METVAL_INST                                                             
FND_OAM_METVAL                                                                  
FND_OAM_METS_TL                                                                 
FND_OAM_METALINK_DOC_ASSOC                                                      
FND_OAM_METALINK_DOCS                                                           
FND_OAM_METALINK_CRED                                                           
FND_OAM_GCS_JOBS                                                                
FND_OAM_FRD_LOG                                                                 
FND_OAM_FORMS_RTI                                                               
FND_OAM_DS_PSET_ELMNTS                                                          
FND_OAM_DS_PSETS_TL                                                             
FND_OAM_DS_PSETS_B                                                              
FND_OAM_DS_POLICY_ELMNTS                                                        
FND_OAM_DS_POLICIES_TL                                                          
FND_OAM_DS_POLICIES_B                                                           
FND_OAM_DS_PII_EXTENSIONS                                                       
FND_OAM_DS_DELETES                                                              
FND_OAM_DS_ALGOS_TL                                                             
FND_OAM_DS_ALGOS_B                                                              
FND_OAM_DSCRAM_UNITS                                                            
FND_OAM_DSCRAM_TASKS                                                            
FND_OAM_DSCRAM_STATS                                                            
FND_OAM_DSCRAM_RUNS_TL                                                          
FND_OAM_DSCRAM_RUNS_B                                                           
FND_OAM_DSCRAM_PLSQLS                                                           
FND_OAM_DSCRAM_DMLS                                                             
FND_OAM_DSCRAM_BUNDLES                                                          
FND_OAM_DSCRAM_ARG_VALUES                                                       
FND_OAM_DSCRAM_ARGS_TL                                                          
FND_OAM_DSCRAM_ARGS_B                                                           
FND_OAM_DSCFG_PROPERTIES                                                        
FND_OAM_DSCFG_PROCS                                                             
FND_OAM_DSCFG_OBJECTS                                                           
FND_OAM_DSCFG_MAPPED_KEYS                                                       
FND_OAM_DSCFG_INSTANCES                                                         
FND_OAM_DOC_METADATA                                                            
FND_OAM_DOC_LINK                                                                
FND_OAM_DOC_CATEGORY_TYPE                                                       
FND_OAM_DOC_CATEGORY_ASSOC                                                      
FND_OAM_DOC_CATEGORY                                                            
FND_OAM_CSA_COLLECTIONS                                                         
FND_OAM_CP_OVERVIEW_CHARTS                                                      
FND_OAM_CPSTATS_USER                                                            
FND_OAM_CPSTATS_PROGRAM                                                         
FND_OAM_CONTEXT_FILES                                                           
FND_OAM_CONTEXT_CUSTOM                                                          
FND_OAM_CLONE_NOTIF                                                             
FND_OAM_CLONE_LOGS                                                              
FND_OAM_CLONE_JOBS                                                              
FND_OAM_CHART_SETTINGS                                                          
FND_OAM_CHART_METRICS                                                           
FND_OAM_CHART_ITEMS_TL                                                          
FND_OAM_CHART_ITEMS                                                             
FND_OAM_CHART_GRPS_TL                                                           
FND_OAM_CHART_GRPS                                                              
FND_OAM_CHARTS_TL                                                               
FND_OAM_CHARTS                                                                  
FND_OAM_BIZEX_SUBSCRIP                                                          
FND_OAM_BIZEX_SENT_NOTIF                                                        
FND_OAM_BF_WIT_INFO                                                             
FND_OAM_BF_WIT_CUST                                                             
FND_OAM_BF_WIT                                                                  
FND_OAM_BF_TL                                                                   
FND_OAM_BF_ROLLUP_INFO                                                          
FND_OAM_BF_MODEL                                                                
FND_OAM_BF_CUST_TL                                                              
FND_OAM_BF_CUST                                                                 
FND_OAM_BF_COMP_INFO                                                            
FND_OAM_BF_COMP_CUST                                                            
FND_OAM_BF_COMP                                                                 
FND_OAM_BF_ASSOC_CUST                                                           
FND_OAM_BF_ASSOC                                                                
FND_OAM_BF                                                                      
FND_OAM_APP_SYS_STATUS                                                          
FND_OAM_ADV_CFG_VALIDATIONS                                                     
FND_NODES                                                                       
FND_NEW_MESSAGES_IL                                                             
FND_NEW_MESSAGES                                                                
FND_NATURAL_LANGUAGES_TL                                                        
FND_NATURAL_LANGUAGES                                                           
FND_MO_SP_PREFERENCES                                                           
FND_MO_PRODUCT_INIT                                                             
FND_MODULE_INSTALLATIONS                                                        
FND_MIME_TYPES_TL                                                               
FND_MIME_TYPES                                                                  
FND_METRIC_DEF_TL                                                               
FND_MENU_ENTRIES_TL                                                             
FND_MENU_ENTRIES                                                                
FND_MENUS_TL                                                                    
FND_MENUS                                                                       
FND_LOV_CHOICE_VALUES                                                           
FND_LOOKUP_VALUES_IL                                                            
FND_LOOKUP_VALUES                                                               
FND_LOOKUP_TYPES_TL                                                             
FND_LOOKUP_TYPES                                                                
FND_LOOKUP_PARENT_ASSIGNS                                                       
FND_LOOKUP_ASSIGNMENTS                                                          
FND_LOG_UNIQUE_EXCEPTIONS                                                       
FND_LOG_TRANSACTION_CONTEXT                                                     
FND_LOG_METRICS                                                                 
FND_LOG_MESSAGES                                                                
FND_LOG_EXCEPTIONS                                                              
FND_LOG_ATTACHMENTS                                                             
FND_LOGIN_RESP_FORMS                                                            
FND_LOGIN_RESPONSIBILITIES                                                      
FND_LOGINS                                                                      
FND_LOCK_HOLDERS                                                                
FND_LOB_ACCESS                                                                  
FND_LOBS_DOCUMENTPART                                                           
FND_LOBS_DOCUMENT                                                               
FND_LOBS                                                                        
FND_LOADER_OPEN_INTERFACE                                                       
FND_LANGUAGES_TL                                                                
FND_LANGUAGES                                                                   
FND_KBF_SUBSCRIPTION                                                            
FND_JAF_MESSAGE                                                                 
FND_JAF_EVENT_LOG                                                               
FND_JAF_ASYNC_QUEUE                                                             
FND_ISO_LANGUAGES_TL                                                            
FND_ISO_LANGUAGES                                                               
FND_IREP_USES_TABLES                                                            
FND_IREP_USES_MAPS                                                              
FND_IREP_SERVICE_ARTIFACTS                                                      
FND_IREP_RECORD_ELEMENTS                                                        
FND_IREP_RECORDS_TL                                                             
FND_IREP_RECORDS                                                                
FND_IREP_FUNCTION_FLAVORS                                                       
FND_IREP_FLEXFIELDS                                                             
FND_IREP_DEFERRED_LOAD_FILES                                                    
FND_IREP_CLASS_PARENT_ASSIGNS                                                   
FND_IREP_CLASS_DATASOURCES                                                      
FND_IREP_CLASSES_TL                                                             
FND_IREP_CLASSES                                                                
FND_INSTALL_PROCESSES_BACKUP                                                    
FND_INSTALL_PROCESSES_1581135                                                   
FND_INSTALL_BAK                                                                 
FND_INDUSTRIES                                                                  
FND_INDEX_COLUMNS                                                               
FND_INDEXES                                                                     
FND_IMP_SFILEDEP                                                                
FND_IMP_PSNEW                                                                   
FND_IMP_PSMASTER2                                                               
FND_IMP_PSCOMMON                                                                
FND_IMP_PISUMMARY                                                               
FND_IMP_PFILEINFO2                                                              
FND_IMP_PFILEINFO                                                               
FND_IMP_MONITOR                                                                 
FND_IMP_MENU_DEP_SUMMARY3                                                       
FND_IMP_MENU_DEP_SUMMARY2                                                       
FND_IMP_MENU_DEP2                                                               
FND_IMP_LANG_SUMMARY                                                            
FND_IMP_DIAGMAP                                                                 
FND_IMP_DEPRELATIONS                                                            
FND_IMP_DEPOBJECTS                                                              
FND_IMP_DEPMODIFIEDTIME                                                         
FND_IMP_BUGSET_TEMP                                                             
FND_IMP_BUGSET                                                                  
FND_IMP_AFFECTEDFILES                                                           
FND_ID_FLEX_STRUCTURES_TL                                                       
FND_ID_FLEX_STRUCTURES                                                          
FND_ID_FLEX_SEGMENTS_TL                                                         
FND_ID_FLEX_SEGMENTS                                                            
FND_ID_FLEXS                                                                    
FND_HTTP_TICKETS                                                                
FND_HTTP_SERVICE_TICKETS                                                        
FND_HISTOGRAM_COLS_BACKUP                                                       
FND_HISTOGRAM_COLS                                                              
FND_HELP_TREE                                                                   
FND_HELP_TARGETS                                                                
FND_HELP_DOCUMENTS                                                              
FND_GRANTS                                                                      
FND_FORM_TL                                                                     
FND_FORM_FUNCTIONS_TL                                                           
FND_FORM_FUNCTIONS                                                              
FND_FORM_CUSTOM_SCOPES                                                          
FND_FORM_CUSTOM_RULES                                                           
FND_FORM_CUSTOM_PROP_VALUES                                                     
FND_FORM_CUSTOM_PROP_LIST                                                       
FND_FORM_CUSTOM_PARAMS                                                          
FND_FORM_CUSTOM_ACTIONS                                                         
FND_FORM                                                                        
FND_FOREIGN_KEY_COLUMNS                                                         
FND_FOREIGN_KEYS                                                                
FND_FOLDER_COLUMNS                                                              
FND_FOLDERS                                                                     
FND_FLEX_WORKFLOW_PROCESSES                                                     
FND_FLEX_VDATION_RULES_TL                                                       
FND_FLEX_VALUE_SETS                                                             
FND_FLEX_VALUE_RULE_USAGES                                                      
FND_FLEX_VALUE_RULE_LINES                                                       
FND_FLEX_VALUE_RULES_TL                                                         
FND_FLEX_VALUE_RULES                                                            
FND_FLEX_VALUE_NORM_HIERARCHY                                                   
FND_FLEX_VALUE_HIER_ALL                                                         
FND_FLEX_VALUE_HIERARCHIES                                                      
FND_FLEX_VALUES_TL                                                              
FND_FLEX_VALUES                                                                 
FND_FLEX_VALIDATION_TABLES                                                      
FND_FLEX_VALIDATION_RULE_STATS                                                  
FND_FLEX_VALIDATION_RULE_LINES                                                  
FND_FLEX_VALIDATION_RULES                                                       
FND_FLEX_VALIDATION_QUALIFIERS                                                  
FND_FLEX_VALIDATION_EVENTS                                                      
FND_FLEX_TEST                                                                   
FND_FLEX_SEC_RULE_ALLOWED_VALS                                                  
FND_FLEX_INCLUDE_RULE_LINES                                                     
FND_FLEX_HIERARCHIES_TL                                                         
FND_FLEX_HIERARCHIES                                                            
FND_FLEX_HASH                                                                   
FND_FLEX_EXCLUDE_RULE_LINES                                                     
FND_FLEXBUILDER_PARAMS_TL                                                       
FND_FLEXBUILDER_PARAMETERS                                                      
FND_FLEXBUILDER_FUNCTIONS                                                       
FND_FLEXBUILDER_ASSIGNMENTS                                                     
FND_FILE_TEMP                                                                   
FND_EXTNSTATS_COLS                                                              
FND_EXECUTABLES_TL                                                              
FND_EXECUTABLES                                                                 
FND_EXCLUDE_TABLE_STATS                                                         
FND_EXCEPTION_NOTES                                                             
FND_EVENT_TOKENS                                                                
FND_EVENTS                                                                      
FND_ENV_CONTEXT                                                                 
FND_ENABLED_PLSQL                                                               
FND_EID_SANDBOXES                                                               
FND_EID_RECORD_TYPES_ZD                                                         
FND_EID_PRECEDENCE_RULES_ZD                                                     
FND_EID_PDR_ATTR_PROFILES_ZD                                                    
FND_EID_PDR_ATTRS_ZD_TL                                                         
FND_EID_PDR_ATTRS_ZD_B                                                          
FND_EID_MGD_AT_VAL_ADL_ZD                                                       
FND_EID_INSTANCES_ZD                                                            
FND_EID_GROUPS_ZD_TL                                                            
FND_EID_GROUPS_ZD_B                                                             
FND_EID_GRAPHS                                                                  
FND_EID_ETL_AUDITS                                                              
FND_EID_DFF_REG                                                                 
FND_EID_DFF_CTX_REG_TL                                                          
FND_EID_DFF_CTX_REG_B                                                           
FND_EID_DDR_MGD_ATT_VALS_ZD                                                     
FND_EID_ATTR_GROUPS_ZD                                                          
FND_DUAL                                                                        
FND_DOC_SEQUENCE_USERS                                                          
FND_DOC_SEQUENCE_CATEGORIES                                                     
FND_DOC_SEQUENCE_AUDIT                                                          
FND_DOC_SEQUENCE_ASSIGNMENTS                                                    
FND_DOC_SEQUENCE_ACCESS                                                         
FND_DOC_CATEGORY_USAGES                                                         
FND_DOCUMENT_SEQUENCES                                                          
FND_DOCUMENT_ENTITIES_TL                                                        
FND_DOCUMENT_ENTITIES                                                           
FND_DOCUMENT_DATATYPES                                                          
FND_DOCUMENT_CATEGORIES_TL                                                      
FND_DOCUMENT_CATEGORIES                                                         
FND_DOCUMENTS_TL                                                                
FND_DOCUMENTS_SHORT_TEXT                                                        
FND_DOCUMENTS_LONG_TEXT                                                         
FND_DOCUMENTS_LONG_RAW                                                          
FND_DOCUMENTS                                                                   
FND_DM_PRODUCT_PARM_SYNTAX                                                      
FND_DM_PRODUCT_FUNCTION_SYNTAX                                                  
FND_DM_PRODUCTS_TL                                                              
FND_DM_PRODUCTS                                                                 
FND_DM_NODES                                                                    
FND_DM_FUNCTION_PARAMETERS                                                      
FND_DM_FUNCTIONS                                                                
FND_DM_FOLDERROLEMAPS                                                           
FND_DM_FOLDERATTACHMENTEXT                                                      
FND_DM_DOCUMENT_ENTITIES_EXT                                                    
FND_DM_ACCESSNAMES                                                              
FND_DESKTOP_OBJECTS                                                             
FND_DESCR_FLEX_CONTEXTS_TL                                                      
FND_DESCR_FLEX_CONTEXTS                                                         
FND_DESCR_FLEX_COL_USAGE_TL                                                     
FND_DESCR_FLEX_COLUMN_USAGES                                                    
FND_DESCRIPTIVE_FLEXS_TL                                                        
FND_DESCRIPTIVE_FLEXS                                                           
FND_DEFAULT_FOLDERS                                                             
FND_DEFAULT_CONTEXT_FIELDS                                                      
FND_DEBUG_RULE_OPTIONS                                                          
FND_DEBUG_RULE_EXECUTIONS                                                       
FND_DEBUG_RULES                                                                 
FND_DEBUG_OPTION_VALUES_TL                                                      
FND_DEBUG_OPTION_VALUES                                                         
FND_DEBUG_OPTIONS_TL                                                            
FND_DEBUG_OPTIONS                                                               
FND_DB_SERVICE_MEMBERS                                                          
FND_DB_INSTANCE_PARAMS                                                          
FND_DBA_LOCKS_TEMP                                                              
FND_DATA_GROUP_UNITS                                                            
FND_DATA_GROUPS                                                                 
FND_DATABASE_SERVICES                                                           
FND_DATABASE_INSTANCES                                                          
FND_DATABASE_ASSIGNMENTS                                                        
FND_DATABASES                                                                   
FND_CURRENCIES_TL                                                               
FND_CURRENCIES                                                                  
FND_CRM_HISTORY                                                                 
FND_CP_TM_RET_AQTBL                                                             
FND_CP_TM_AQTBL                                                                 
FND_CP_SQL_REQUESTS                                                             
FND_CP_SERVICES_TL                                                              
FND_CP_SERVICES                                                                 
FND_CP_IPP_PRINTERS                                                             
FND_CP_GSM_OPP_AQTBL                                                            
FND_CP_GSM_IPC_AQTBL                                                            
FND_CP_DELIVERY_OPTIONS                                                         
FND_CP_DELIVERY_COMMANDS                                                        
FND_CONFLICTS_DOMAIN_STATUS                                                     
FND_CONFLICTS_DOMAIN                                                            
FND_CONC_STAT_SUMMARY                                                           
FND_CONC_STAT_PROG                                                              
FND_CONC_STAT_PERIODS                                                           
FND_CONC_STAT_LIST                                                              
FND_CONC_STAT_G_P_SUMMARY                                                       
FND_CONC_STAT_GROUPS                                                            
FND_CONC_STATE_LOOKUP_TYPES_TL                                                  
FND_CONC_STATE_LOOKUP_TYPES                                                     
FND_CONC_STATE_LOOKUPS_TL                                                       
FND_CONC_STATE_LOOKUPS                                                          
FND_CONC_REQ_STAT                                                               
FND_CONC_REQ_OUTPUTS                                                            
FND_CONC_REQUEST_ARGUMENTS                                                      
FND_CONC_REL_DISJ_MEMBERS                                                       
FND_CONC_REL_CONJ_MEMBERS                                                       
FND_CONC_RELEASE_STATES_TL                                                      
FND_CONC_RELEASE_STATES                                                         
FND_CONC_RELEASE_PERIODS_TL                                                     
FND_CONC_RELEASE_PERIODS                                                        
FND_CONC_RELEASE_DISJS_TL                                                       
FND_CONC_RELEASE_DISJS                                                          
FND_CONC_RELEASE_CLASSES_TL                                                     
FND_CONC_RELEASE_CLASSES                                                        
FND_CONC_QUEUE_ENVIRON                                                          
FND_CONC_PROG_ONSITE_INFO                                                       
FND_CONC_PROG_ANNOTATIONS                                                       
FND_CONC_PROCESSOR_PROGRAMS                                                     
FND_CONC_PP_TEMPLATE_MEMBERS                                                    
FND_CONC_PP_TEMPLATES_TL                                                        
FND_CONC_PP_TEMPLATES                                                           
FND_CONC_PP_ACTIONS                                                             
FND_CONC_OS_PROCESSES                                                           
FND_CONC_NT_PROCESSES                                                           
FND_CONC_DEFERRED_ARGUMENTS                                                     
FND_CONCURRENT_TIME_PERIODS                                                     
FND_CONCURRENT_REQUEST_CLASS                                                    
FND_CONCURRENT_REQUESTS_TAN                                                     
FND_CONCURRENT_REQUESTS_OLD                                                     
FND_CONCURRENT_REQUESTS_BK                                                      
FND_CONCURRENT_REQUESTS                                                         
FND_CONCURRENT_QUEUE_SIZE                                                       
FND_CONCURRENT_QUEUE_PARAMS                                                     
FND_CONCURRENT_QUEUE_CONTENT                                                    
FND_CONCURRENT_QUEUES_TL                                                        
FND_CONCURRENT_QUEUES                                                           
FND_CONCURRENT_PROGRAM_SERIAL                                                   
FND_CONCURRENT_PROGRAMS_TL                                                      
FND_CONCURRENT_PROGRAMS                                                         
FND_CONCURRENT_PROCESSORS                                                       
FND_CONCURRENT_PROCESSES_TAN                                                    
FND_CONCURRENT_PROCESSES                                                        
FND_CONCURRENT_DEBUG_INFO                                                       
FND_CONCURRENT_COMPLEX_RULES                                                    
FND_CONCURRENT_COMPLEX_LINES                                                    
FND_COMPONENT_DEBUG_OPTIONS                                                     
FND_COMPILED_MENU_FUNCTIONS                                                     
FND_COMPILED_ID_FLEX_STRUCTS                                                    
FND_COMPILED_ID_FLEXS                                                           
FND_COMPILED_DESCRIPTIVE_FLEXS                                                  
FND_COL_PRIV_ATTRIBUTES_TL                                                      
FND_COL_PRIV_ATTRIBUTES_B                                                       
FND_COLUMNS                                                                     
FND_CHILD_ANNOTATIONS                                                           
FND_CACHE_VERSIONS                                                              
FND_BUSINESS_PURPOSES_TL                                                        
FND_BUSINESS_PURPOSES_B                                                         
FND_BUILDING_BLOCK_OBJECTS                                                      
FND_BUILDING_BLOCKS                                                             
FND_AW_DEF_INTERFACE                                                            
FND_AUDIT_TMPLT_MST                                                             
FND_AUDIT_TMPLT_DTL                                                             
FND_AUDIT_TABLES_A                                                              
FND_AUDIT_TABLES                                                                
FND_AUDIT_SCHEMAS_A                                                             
FND_AUDIT_SCHEMAS                                                               
FND_AUDIT_REP_HDR                                                               
FND_AUDIT_REP_DTL                                                               
FND_AUDIT_LKUPS                                                                 
FND_AUDIT_GROUPS_A                                                              
FND_AUDIT_GROUPS                                                                
FND_AUDIT_DISP_COLS                                                             
FND_AUDIT_COLUMNS_A                                                             
FND_AUDIT_COLUMNS                                                               
FND_ATTACHMENT_REPLICATION                                                      
FND_ATTACHMENT_FUNCTIONS                                                        
FND_ATTACHMENT_BLOCKS                                                           
FND_ATTACHMENT_BLK_ENTITIES                                                     
FND_ATTACHED_DOCUMENTS                                                          
FND_APP_SERVERS                                                                 
FND_APPS_SYSTEM                                                                 
FND_APPL_TOPS                                                                   
FND_APPL_SESSIONS                                                               
FND_APPLICATION_TL                                                              
FND_APPLICATION_SERVERS                                                         
FND_APPLICATION                                                                 
FND_AM_POOL_STATS                                                               
FND_ADG_SIMULATED_STNDBY_TRC                                                    
FND_ADG_PACKAGE                                                                 
FND_ADG_CONTROL                                                                 
FND_ADG_CONCURRENT_PROGRAM                                                      
FND_ADG_COMMIT_WAIT                                                             
